// Jest Snapshot v1, https://goo.gl/fbAQLP

exports[`should return config 1`] = `
Object {
  "BASE_URL": "https://api.gh-polls.com",
  "LABEL": "Polls",
}
`;
